2026-01-27 23:54:53.803 +05:30 [INF] Executed DbCommand (3ms) [Parameters=[], CommandType='"Text"', CommandTimeout='30']
SELECT COUNT(*) FROM "sqlite_master" WHERE "type" = 'table' AND "rootpage" IS NOT NULL;
2026-01-27 23:54:53.827 +05:30 [INF] Car Rental API is starting...
2026-01-27 23:54:53.833 +05:30 [INF] User profile is available. Using '/Users/prashantkumar/.aspnet/DataProtection-Keys' as key repository; keys will not be encrypted at rest.
2026-01-27 23:54:53.849 +05:30 [INF] Now listening on: http://localhost:5000
2026-01-27 23:54:53.849 +05:30 [INF] Application started. Press Ctrl+C to shut down.
2026-01-27 23:54:53.849 +05:30 [INF] Hosting environment: Production
2026-01-27 23:54:53.849 +05:30 [INF] Content root path: /Users/prashantkumar/Desktop/CarRental-backend/src/CarRental.API
2026-01-27 23:55:19.719 +05:30 [INF] Request starting HTTP/1.1 GET http://localhost:5000/index.html - null null
2026-01-27 23:55:19.734 +05:30 [WRN] Failed to determine the https port for redirect.
2026-01-27 23:55:19.753 +05:30 [INF] Request finished HTTP/1.1 GET http://localhost:5000/index.html - 404 0 null 35.944ms
2026-01-27 23:55:19.756 +05:30 [INF] Request reached the end of the middleware pipeline without being handled by application code. Request path: GET http://localhost:5000/index.html, Response status code: 404
2026-01-27 23:55:19.756 +05:30 [INF] Request starting HTTP/1.1 GET http://localhost:5000/index.html - null null
2026-01-27 23:55:19.758 +05:30 [INF] Request finished HTTP/1.1 GET http://localhost:5000/index.html - 404 0 null 1.3862ms
2026-01-27 23:55:19.758 +05:30 [INF] Request reached the end of the middleware pipeline without being handled by application code. Request path: GET http://localhost:5000/index.html, Response status code: 404
2026-01-27 23:55:39.036 +05:30 [INF] Request starting HTTP/1.1 GET http://localhost:5000/swagger/index.html - null null
2026-01-27 23:55:39.072 +05:30 [INF] Request finished HTTP/1.1 GET http://localhost:5000/swagger/index.html - 200 null text/html;charset=utf-8 36.7323ms
2026-01-27 23:55:39.155 +05:30 [INF] Request starting HTTP/1.1 GET http://localhost:5000/swagger/v1/swagger.json - null null
2026-01-27 23:55:39.211 +05:30 [INF] Request finished HTTP/1.1 GET http://localhost:5000/swagger/v1/swagger.json - 200 null application/json;charset=utf-8 56.136ms
2026-01-27 23:56:46.259 +05:30 [INF] Application is shutting down...
2026-01-27 23:57:15.692 +05:30 [INF] Executed DbCommand (3ms) [Parameters=[], CommandType='"Text"', CommandTimeout='30']
SELECT COUNT(*) FROM "sqlite_master" WHERE "type" = 'table' AND "rootpage" IS NOT NULL;
2026-01-27 23:57:15.723 +05:30 [INF] Car Rental API is starting...
2026-01-27 23:57:15.729 +05:30 [INF] User profile is available. Using '/Users/prashantkumar/.aspnet/DataProtection-Keys' as key repository; keys will not be encrypted at rest.
2026-01-27 23:57:15.746 +05:30 [INF] Now listening on: http://localhost:5000
2026-01-27 23:57:15.747 +05:30 [INF] Application started. Press Ctrl+C to shut down.
2026-01-27 23:57:15.747 +05:30 [INF] Hosting environment: Production
2026-01-27 23:57:15.747 +05:30 [INF] Content root path: /Users/prashantkumar/Desktop/CarRental-backend/backend/src/CarRental.API
2026-01-27 23:58:06.393 +05:30 [INF] Request starting HTTP/1.1 GET http://localhost:5000/swagger/index.html - null null
2026-01-27 23:58:06.431 +05:30 [INF] Request finished HTTP/1.1 GET http://localhost:5000/swagger/index.html - 200 null text/html;charset=utf-8 39.3435ms
2026-01-27 23:58:06.511 +05:30 [INF] Request starting HTTP/1.1 GET http://localhost:5000/swagger/v1/swagger.json - null null
2026-01-27 23:58:06.568 +05:30 [INF] Request finished HTTP/1.1 GET http://localhost:5000/swagger/v1/swagger.json - 200 null application/json;charset=utf-8 56.1823ms
2026-01-27 23:58:40.547 +05:30 [INF] Application is shutting down...
